{
    "page": 1,
    "limit": 2,
    "total": 3,
    "pages": 2,
    "items": [
        {
            "code": "LOGAN_MUG_CODE",
            "name": "Logan Mug",
            "slug": "logan-mug",
            "taxons": {
                "main": "MUG",
                "others": [
                    "MUG",
                    "CATEGORY",
                    "BRAND"
                ]
            },
            "variants": [
                {
                    "code": "LOGAN_MUG_CODE",
                    "name": "Logan Mug",
                    "price": {
                        "current": 1000,
                        "currency": "GBP"
                    },
                    "images": []
                }
            ],
            "attributes": [
                {
                    "code": "MUG_COLLECTION_CODE",
                    "name": "Mug collection",
                    "value": "HOLIDAY COLLECTION"
                },
                {
                    "code": "MUG_MATERIAL_CODE",
                    "name": "Mug material",
                    "value": "Wood"
                }
            ],
            "images": [],
            "channelCode": "WEB_GB",
            "localeCode": "en_GB"
        },
        {
            "code": "LOGAN_HAT_CODE",
            "name": "Logan Hat",
            "slug": "logan-hat",
            "taxons": {
                "others": [
                    "HAT",
                    "CATEGORY",
                    "BRAND"
                ]
            },
            "variants": [
                {
                    "code": "LOGAN_HAT_CODE",
                    "name": "Logan Hat",
                    "price": {
                        "current": 1500,
                        "currency": "GBP"
                    },
                    "images": []
                }
            ],
            "attributes": [
                {
                    "code": "MUG_COLLECTION_CODE",
                    "name": "Mug collection",
                    "value": "HOLIDAY COLLECTION"
                }
            ],
            "images": [],
            "channelCode": "WEB_GB",
            "localeCode": "en_GB"
        }
    ],
    "filters": {
        "channel": "@array@",
        "enabled": "@array@",
        "taxon": "@array@",
        "priceRange": "@array@",
        "locale": "@array@",
        "paginator": {
            "state": {
                "active": true,
                "value": 1,
                "urlParameters": [],
                "name": "paginator",
                "options": {
                    "limit": 2
                }
            },
            "tags": [],
            "urlParameters": {
                "channel": "WEB_GB",
                "enabled": true,
                "locale": "en_GB"
            },
            "resetUrlParameters": {
                "channel": "WEB_GB",
                "enabled": true,
                "locale": "en_GB"
            },
            "name": "paginator",
            "currentPage": 1,
            "totalItems": 3,
            "maxPages": 20,
            "itemsPerPage": 2,
            "numPages": 2,
            "options": [],
            "limit": 2
        },
        "search": "@array@",
        "attributes": "@array@",
        "sort": "@array@"
    }
}
