{
    "page": 1,
    "limit": 9,
    "total": 2,
    "pages": 1,
    "items": [
        {
            "id": 1,
            "code": "LOGAN_MUG_CODE",
            "name": "Logan Mug",
            "slug": "@string@",
            "taxons": "@array@",
            "variants": "@array@",
            "attributes": "@array@",
            "images": "@array@",
            "price": "@array@",
            "channelCode": "WEB_GB",
            "localeCode": "en_GB"
        },
        {
            "id": 2,
            "code": "LOGAN_HAT_CODE",
            "name": "Logan Hat",
            "slug": "@string@",
            "taxons": "@array@",
            "variants": "@array@",
            "attributes": "@array@",
            "images": "@array@",
            "price": "@array@",
            "channelCode": "WEB_GB",
            "localeCode": "en_GB"
        }
    ],
    "filters": "@array@"
}
