{
    "page": 1,
    "limit": 10,
    "total": 1,
    "pages": 1,
    "items": [
        {
            "code": "LOGAN_MUG_CODE",
            "name": "Logan Mug",
            "slug": "logan-mug",
            "taxons": {
                "main": "MUG",
                "others": [
                    "MUG",
                    "CATEGORY",
                    "BRAND"
                ]
            },
            "variants": [
                {
                    "code": "LOGAN_MUG_CODE",
                    "name": "Logan Mug",
                    "price": {
                        "current": 1000,
                        "currency": "GBP"
                    },
                    "images": []
                }
            ],
            "attributes": [
                {
                    "code": "MUG_COLLECTION_CODE",
                    "name": "Mug collection",
                    "value": "HOLIDAY COLLECTION"
                },
                {
                    "code": "MUG_MATERIAL_CODE",
                    "name": "Mug material",
                    "value": "Wood"
                }
            ],
            "images": [],
            "channelCode": "WEB_GB",
            "localeCode": "en_GB"
        }
    ],
    "filters": {
        "channel": "@array@",
        "enabled": "@array@",
        "taxon": {
            "state": {
                "active": true,
                "value": "MUG",
                "urlParameters": {
                    "taxon": "MUG"
                },
                "name": "taxon",
                "options": []
            },
            "tags": [],
            "urlParameters": {
                "channel": "WEB_GB",
                "enabled": true,
                "taxon": "MUG",
                "locale": "en_GB"
            },
            "resetUrlParameters": {
                "channel": "WEB_GB",
                "enabled": true,
                "locale": "en_GB"
            },
            "name": "taxon",
            "choices": [
                {
                    "active": false,
                    "default": false,
                    "urlParameters": {
                        "channel": "WEB_GB",
                        "enabled": true,
                        "locale": "en_GB",
                        "taxon": "HAT"
                    },
                    "label": "HAT",
                    "count": 1
                },
                {
                    "active": true,
                    "default": false,
                    "urlParameters": {
                        "channel": "WEB_GB",
                        "enabled": true,
                        "locale": "en_GB"
                    },
                    "label": "MUG",
                    "count": 1
                },
                {
                    "active": false,
                    "default": false,
                    "urlParameters": {
                        "channel": "WEB_GB",
                        "enabled": true,
                        "locale": "en_GB",
                        "taxon": "T_SHIRTS"
                    },
                    "label": "T_SHIRTS",
                    "count": 1
                },
                {
                    "active": false,
                    "default": false,
                    "urlParameters": {
                        "channel": "WEB_GB",
                        "enabled": true,
                        "locale": "en_GB",
                        "taxon": "BRAND"
                    },
                    "label": "BRAND",
                    "count": 3
                },
                {
                    "active": false,
                    "default": false,
                    "urlParameters": {
                        "channel": "WEB_GB",
                        "enabled": true,
                        "locale": "en_GB",
                        "taxon": "CATEGORY"
                    },
                    "label": "CATEGORY",
                    "count": 3
                }
            ]
        },
        "priceRange": "@array@",
        "locale": "@array@",
        "paginator": "@array@",
        "search": "@array@",
        "attributes": "@array@",
        "sort": "@array@"
    }
}
