{
    "page": 1,
    "limit": 10,
    "total": 1,
    "pages": 1,
    "items": [
        {
            "code": "LOGAN_MUG_CODE",
            "name": "Logan Mug",
            "slug": "@string@",
            "taxons": "@array@",
            "variants": "@array@",
            "attributes": "@array@",
            "images": "@array@",
            "channelCode": "WEB_GB",
            "localeCode": "en_GB"
        }
    ],
    "filters": {
        "channel": "@array@",
        "enabled": "@array@",
        "taxonCode": {
            "state": {
                "active": true,
                "value": "MUG",
                "urlParameters": {
                    "taxonCode": "MUG"
                },
                "name": "taxonCode",
                "options": []
            },
            "tags": [],
            "urlParameters": {
                "channel": "WEB_GB",
                "enabled": true,
                "taxonCode": "MUG",
                "locale": "en_GB"
            },
            "resetUrlParameters": {
                "channel": "WEB_GB",
                "enabled": true,
                "locale": "en_GB"
            },
            "name": "taxonCode",
            "choices": [
                {
                    "active": false,
                    "default": false,
                    "urlParameters": {
                        "channel": "WEB_GB",
                        "enabled": true,
                        "locale": "en_GB",
                        "taxonCode": "HAT"
                    },
                    "label": "HAT",
                    "count": 1
                },
                {
                    "active": true,
                    "default": false,
                    "urlParameters": {
                        "channel": "WEB_GB",
                        "enabled": true,
                        "locale": "en_GB"
                    },
                    "label": "MUG",
                    "count": 1
                },
                {
                    "active": false,
                    "default": false,
                    "urlParameters": {
                        "channel": "WEB_GB",
                        "enabled": true,
                        "locale": "en_GB",
                        "taxonCode": "T_SHIRTS"
                    },
                    "label": "T_SHIRTS",
                    "count": 1
                },
                {
                    "active": false,
                    "default": false,
                    "urlParameters": {
                        "channel": "WEB_GB",
                        "enabled": true,
                        "locale": "en_GB",
                        "taxonCode": "BRAND"
                    },
                    "label": "BRAND",
                    "count": 3
                },
                {
                    "active": false,
                    "default": false,
                    "urlParameters": {
                        "channel": "WEB_GB",
                        "enabled": true,
                        "locale": "en_GB",
                        "taxonCode": "CATEGORY"
                    },
                    "label": "CATEGORY",
                    "count": 3
                }
            ]
        },
        "taxonSlug": "@array@",
        "priceRange": "@array@",
        "locale": "@array@",
        "paginator": "@array@",
        "search": "@array@",
        "attributes": "@array@",
        "attributesByCode": "@array@",
        "sort": "@array@"
    }
}
