{
    "page": 1,
    "limit": 10,
    "total": 3,
    "pages": 1,
    "items": [
        {
            "code": "LOGAN_MUG_CODE",
            "name": "Logan Mug",
            "slug": "@string@",
            "taxons": "@array@",
            "variants": [
                {
                    "code": "LOGAN_MUG_CODE",
                    "name": "Logan Mug",
                    "price": {
                        "current": 1000,
                        "currency": "GBP"
                    },
                    "images": "@array@"
                }
            ],
            "attributes": "@array@",
            "images": "@array@",
            "channelCode": "WEB_GB",
            "localeCode": "en_GB"
        },
        {
            "code": "LOGAN_HAT_CODE",
            "name": "Logan Hat",
            "slug": "@string@",
            "taxons": "@array@",
            "variants": [
                {
                    "code": "LOGAN_HAT_CODE",
                    "name": "Logan Hat",
                    "price": {
                        "current": 1500,
                        "currency": "GBP"
                    },
                    "images": "@array@"
                }
            ],
            "attributes": "@array@",
            "images": "@array@",
            "channelCode": "WEB_GB",
            "localeCode": "en_GB"
        },
        {
            "code": "LOGAN_T_SHIRT_CODE",
            "name": "Logan T-Shirt",
            "slug": "@string@",
            "taxons": "@array@",
            "variants": [
                {
                    "code": "LOGAN_T_SHIRT_CODE",
                    "name": "Logan T-Shirt",
                    "price": {
                        "current": 2000,
                        "currency": "GBP"
                    },
                    "images": "@array@"
                }
            ],
            "attributes": "@array@",
            "images": "@array@",
            "channelCode": "WEB_GB",
            "localeCode": "en_GB"
        }
    ],
    "filters": "@array@"
}
