{
    "page": 1,
    "limit": 10,
    "total": 3,
    "pages": 1,
    "items": [
        {
            "code": "LOGAN_T_SHIRT_CODE",
            "name": "Logan T-Shirt",
            "slug": "logan-t-shirt",
            "taxons": {
                "main": "T_SHIRTS",
                "others": [
                    "T_SHIRTS",
                    "CATEGORY",
                    "BRAND"
                ]
            },
            "variants": [
                {
                    "code": "LOGAN_T_SHIRT_CODE",
                    "name": "Logan T-Shirt",
                    "price": {
                        "current": 2000,
                        "currency": "GBP"
                    },
                    "images": []
                }
            ],
            "attributes": [],
            "images": [],
            "channelCode": "WEB_GB",
            "localeCode": "en_GB"
        },
        {
            "code": "LOGAN_HAT_CODE",
            "name": "Logan Hat",
            "slug": "logan-hat",
            "taxons": {
                "others": [
                    "HAT",
                    "CATEGORY",
                    "BRAND"
                ]
            },
            "variants": [
                {
                    "code": "LOGAN_HAT_CODE",
                    "name": "Logan Hat",
                    "price": {
                        "current": 1500,
                        "currency": "GBP"
                    },
                    "images": []
                }
            ],
            "attributes": [
                {
                    "code": "MUG_COLLECTION_CODE",
                    "name": "Mug collection",
                    "value": "HOLIDAY COLLECTION"
                }
            ],
            "images": [],
            "channelCode": "WEB_GB",
            "localeCode": "en_GB"
        },
        {
            "code": "LOGAN_MUG_CODE",
            "name": "Logan Mug",
            "slug": "logan-mug",
            "taxons": {
                "main": "MUG",
                "others": [
                    "MUG",
                    "CATEGORY",
                    "BRAND"
                ]
            },
            "variants": [
                {
                    "code": "LOGAN_MUG_CODE",
                    "name": "Logan Mug",
                    "price": {
                        "current": 1000,
                        "currency": "GBP"
                    },
                    "images": []
                }
            ],
            "attributes": [
                {
                    "code": "MUG_COLLECTION_CODE",
                    "name": "Mug collection",
                    "value": "HOLIDAY COLLECTION"
                },
                {
                    "code": "MUG_MATERIAL_CODE",
                    "name": "Mug material",
                    "value": "Wood"
                }
            ],
            "images": [],
            "channelCode": "WEB_GB",
            "localeCode": "en_GB"
        }
    ],
    "filters": {
        "channel": "@array@",
        "enabled": "@array@",
        "taxon": "@array@",
        "priceRange": "@array@",
        "locale": "@array@",
        "paginator": "@array@",
        "search": "@array@",
        "attributes": "@array@",
        "sort": {
            "state": {
                "active": true,
                "value": "price_desc",
                "urlParameters": {
                    "sort": "price_desc"
                },
                "name": "sort",
                "options": []
            },
            "tags": [],
            "urlParameters": {
                "channel": "WEB_GB",
                "enabled": true,
                "locale": "en_GB",
                "sort": "price_desc"
            },
            "resetUrlParameters": {
                "channel": "WEB_GB",
                "enabled": true,
                "locale": "en_GB"
            },
            "name": "sort",
            "choices": [
                {
                    "active": false,
                    "default": false,
                    "urlParameters": {
                        "channel": "WEB_GB",
                        "enabled": true,
                        "locale": "en_GB",
                        "sort": "price_asc"
                    },
                    "label": "price_asc",
                    "count": 0
                },
                {
                    "active": true,
                    "default": false,
                    "urlParameters": {
                        "channel": "WEB_GB",
                        "enabled": true,
                        "locale": "en_GB"
                    },
                    "label": "price_desc",
                    "count": 0
                },
                {
                    "active": false,
                    "default": false,
                    "urlParameters": {
                        "channel": "WEB_GB",
                        "enabled": true,
                        "locale": "en_GB",
                        "sort": "name_asc"
                    },
                    "label": "name_asc",
                    "count": 0
                },
                {
                    "active": false,
                    "default": false,
                    "urlParameters": {
                        "channel": "WEB_GB",
                        "enabled": true,
                        "locale": "en_GB",
                        "sort": "name_desc"
                    },
                    "label": "name_desc",
                    "count": 0
                }
            ]
        }
    }
}
