{
    "page": 1,
    "limit": 9,
    "total": 3,
    "pages": 1,
    "items": [
        {
            "id": 1,
            "code": "LOGAN_MUG_CODE",
            "name": "Logan Mug",
            "slug": "logan-mug",
            "taxons": {
                "main": "MUG",
                "others": [
                    "MUG",
                    "BRAND"
                ]
            },
            "variants": [
                {
                    "id": 2,
                    "code": "LOGAN_MUG_SMALL_CODE",
                    "name": "Gnome Mug",
                    "price": {
                        "current": 1000,
                        "currency": "GBP",
                        "original": 0
                    },
                    "stock": 0,
                    "isTracked": true,
                    "images": []
                },
                {
                    "id": 1,
                    "code": "LOGAN_MUG_BIG_CODE",
                    "name": "Logan Mug",
                    "price": {
                        "current": 1000,
                        "currency": "GBP",
                        "original": 0
                    },
                    "stock": 0,
                    "isTracked": false,
                    "images": []
                }
            ],
            "attributes": {
                "PRODUCTION_YEAR": {
                    "code": "PRODUCTION_YEAR",
                    "name": "Production year",
                    "value": "2015"
                },
                "MUG_COLLECTION_CODE": {
                    "code": "MUG_COLLECTION_CODE",
                    "name": "Mug collection",
                    "value": "HOLIDAY COLLECTION"
                },
                "MUG_MATERIAL_CODE": {
                    "code": "MUG_MATERIAL_CODE",
                    "name": "Mug material",
                    "value": "Wood"
                }
            },
            "images": [],
            "price": {
                "current": 1000,
                "currency": "GBP",
                "original": 0
            },
            "channelCode": "WEB_GB",
            "localeCode": "en_GB"
        },
        {
            "id": 2,
            "code": "LOGAN_HAT_CODE",
            "name": "Logan Hat",
            "slug": "logan-hat",
            "taxons": {
                "others": [
                    "HAT",
                    "BRAND"
                ]
            },
            "variants": [
                {
                    "id": 3,
                    "code": "LOGAN_HAT_CODE",
                    "name": "Logan Hat",
                    "price": {
                        "current": 1500,
                        "currency": "GBP",
                        "original": 0
                    },
                    "stock": 2,
                    "isTracked": true,
                    "images": []
                }
            ],
            "attributes": {
                "PRODUCTION_YEAR": {
                    "code": "PRODUCTION_YEAR",
                    "name": "Production year",
                    "value": "2010"
                },
                "MUG_COLLECTION_CODE": {
                    "code": "MUG_COLLECTION_CODE",
                    "name": "Mug collection",
                    "value": "HOLIDAY COLLECTION"
                },
                "AVAILABLE_FROM": {
                    "code": "AVAILABLE_FROM",
                    "name": "Available from",
                    "value": "2010-01-01T00:00:00+0000"
                }
            },
            "images": [],
            "price": {
                "current": 1500,
                "currency": "GBP",
                "original": 0
            },
            "channelCode": "WEB_GB",
            "localeCode": "en_GB"
        },
        {
            "id": 3,
            "code": "LOGAN_T_SHIRT_CODE",
            "name": "Logan T-Shirt",
            "slug": "logan-t-shirt",
            "taxons": {
                "main": "T_SHIRTS",
                "others": [
                    "T_SHIRTS",
                    "BRAND"
                ]
            },
            "variants": [
                {
                    "id": 7,
                    "code": "EXTRA_LARGE_LOGAN_T_SHIRT_CODE",
                    "name": "Extra Large Logan T-Shirt",
                    "price": {
                        "current": 2000,
                        "currency": "GBP",
                        "original": 0
                    },
                    "stock": 1,
                    "isTracked": true,
                    "images": []
                },
                {
                    "id": 6,
                    "code": "LARGE_LOGAN_T_SHIRT_CODE",
                    "name": "Large Logan T-Shirt",
                    "price": {
                        "current": 2000,
                        "currency": "GBP",
                        "original": 0
                    },
                    "stock": 1,
                    "isTracked": true,
                    "images": []
                },
                {
                    "id": 5,
                    "code": "MEDIUM_LOGAN_T_SHIRT_CODE",
                    "name": "Medium Logan T-Shirt",
                    "price": {
                        "current": 2000,
                        "currency": "GBP",
                        "original": 0
                    },
                    "stock": 1,
                    "isTracked": true,
                    "images": []
                },
                {
                    "id": 4,
                    "code": "SMALL_LOGAN_T_SHIRT_CODE",
                    "name": "Small Logan T-Shirt",
                    "price": {
                        "current": 2000,
                        "currency": "GBP",
                        "original": 0
                    },
                    "stock": 1,
                    "isTracked": true,
                    "images": []
                }
            ],
            "attributes": {
                "PRODUCTION_YEAR": {
                    "code": "PRODUCTION_YEAR",
                    "name": "Production year",
                    "value": "2020"
                }
            },
            "images": [],
            "price": {
                "current": 2000,
                "currency": "GBP",
                "original": 0
            },
            "channelCode": "WEB_GB",
            "localeCode": "en_GB"
        }
    ],
    "filters": {
        "channel": {
            "state": {
                "active": true,
                "value": "WEB_GB",
                "urlParameters": {
                    "channel": "WEB_GB"
                },
                "name": "channel",
                "options": []
            },
            "tags": [],
            "urlParameters": {
                "channel": "WEB_GB",
                "enabled": true,
                "locale": "en_GB"
            },
            "resetUrlParameters": {
                "enabled": true,
                "locale": "en_GB"
            },
            "name": "channel",
            "choices": [
                {
                    "active": true,
                    "default": false,
                    "urlParameters": {
                        "enabled": true,
                        "locale": "en_GB"
                    },
                    "label": "WEB_GB",
                    "count": 3
                }
            ]
        },
        "enabled": {
            "state": {
                "active": true,
                "value": true,
                "urlParameters": {
                    "enabled": true
                },
                "name": "enabled",
                "options": []
            },
            "tags": [],
            "urlParameters": {
                "channel": "WEB_GB",
                "enabled": true,
                "locale": "en_GB"
            },
            "resetUrlParameters": {
                "channel": "WEB_GB",
                "locale": "en_GB"
            },
            "name": "enabled",
            "choices": [
                {
                    "active": false,
                    "default": false,
                    "urlParameters": {
                        "channel": "WEB_GB",
                        "locale": "en_GB",
                        "enabled": 0
                    },
                    "label": 0,
                    "count": 1
                },
                {
                    "active": true,
                    "default": false,
                    "urlParameters": {
                        "channel": "WEB_GB",
                        "locale": "en_GB"
                    },
                    "label": 1,
                    "count": 3
                }
            ]
        },
        "taxonCode": {
            "state": {
                "active": false,
                "urlParameters": [],
                "name": "taxonCode",
                "options": []
            },
            "tags": [],
            "urlParameters": {
                "channel": "WEB_GB",
                "enabled": true,
                "locale": "en_GB"
            },
            "resetUrlParameters": {
                "channel": "WEB_GB",
                "enabled": true,
                "locale": "en_GB"
            },
            "name": "taxonCode",
            "choices": []
        },
        "taxonSlug": {
            "state": {
                "active": false,
                "urlParameters": [],
                "name": "taxonSlug",
                "options": []
            },
            "tags": [],
            "urlParameters": {
                "channel": "WEB_GB",
                "enabled": true,
                "locale": "en_GB"
            },
            "resetUrlParameters": {
                "channel": "WEB_GB",
                "enabled": true,
                "locale": "en_GB"
            },
            "name": "taxonSlug",
            "choices": []
        },
        "priceRange": {
            "state": {
                "active": false,
                "urlParameters": [],
                "name": "priceRange",
                "options": []
            },
            "tags": [],
            "urlParameters": {
                "channel": "WEB_GB",
                "enabled": true,
                "locale": "en_GB"
            },
            "resetUrlParameters": {
                "channel": "WEB_GB",
                "enabled": true,
                "locale": "en_GB"
            },
            "name": "priceRange",
            "minBounds": 1000,
            "maxBounds": 2000
        },
        "inStock": {
            "state": {
                "active": true,
                "value": {
                    "gte": "1"
                },
                "urlParameters": [],
                "name": "inStock",
                "options": []
            },
            "tags": [],
            "urlParameters": {
                "channel": "WEB_GB",
                "enabled": true,
                "locale": "en_GB"
            },
            "resetUrlParameters": {
                "channel": "WEB_GB",
                "enabled": true,
                "locale": "en_GB"
            },
            "name": "inStock"
        },
        "locale": {
            "state": {
                "active": true,
                "value": "en_GB",
                "urlParameters": {
                    "locale": "en_GB"
                },
                "name": "locale",
                "options": []
            },
            "tags": [],
            "urlParameters": {
                "channel": "WEB_GB",
                "enabled": true,
                "locale": "en_GB"
            },
            "resetUrlParameters": {
                "channel": "WEB_GB",
                "enabled": true
            },
            "name": "locale",
            "choices": [
                {
                    "active": false,
                    "default": false,
                    "urlParameters": {
                        "channel": "WEB_GB",
                        "enabled": true,
                        "locale": "de_DE"
                    },
                    "label": "de_DE",
                    "count": 3
                },
                {
                    "active": true,
                    "default": false,
                    "urlParameters": {
                        "channel": "WEB_GB",
                        "enabled": true
                    },
                    "label": "en_GB",
                    "count": 3
                }
            ]
        },
        "paginator": {
            "state": {
                "active": false,
                "value": 1,
                "urlParameters": [],
                "name": "paginator",
                "options": {
                    "limit": 9
                }
            },
            "tags": [],
            "urlParameters": {
                "channel": "WEB_GB",
                "enabled": true,
                "locale": "en_GB"
            },
            "resetUrlParameters": {
                "channel": "WEB_GB",
                "enabled": true,
                "locale": "en_GB"
            },
            "name": "paginator",
            "currentPage": 1,
            "totalItems": 3,
            "maxPages": 20,
            "itemsPerPage": 9,
            "numPages": 1,
            "options": [],
            "limit": 9
        },
        "search": {
            "state": {
                "active": false,
                "urlParameters": [],
                "name": "search",
                "options": []
            },
            "tags": [],
            "urlParameters": {
                "channel": "WEB_GB",
                "enabled": true,
                "locale": "en_GB"
            },
            "resetUrlParameters": {
                "channel": "WEB_GB",
                "enabled": true,
                "locale": "en_GB"
            },
            "name": "search"
        },
        "attributes": {
            "state": {
                "active": false,
                "urlParameters": [],
                "name": "attributes",
                "options": []
            },
            "tags": [],
            "urlParameters": {
                "channel": "WEB_GB",
                "enabled": true,
                "locale": "en_GB"
            },
            "resetUrlParameters": {
                "channel": "WEB_GB",
                "enabled": true,
                "locale": "en_GB"
            },
            "name": "attributes",
            "items": [
                {
                    "tags": [],
                    "urlParameters": [],
                    "resetUrlParameters": {
                        "channel": "WEB_GB",
                        "enabled": true,
                        "locale": "en_GB"
                    },
                    "name": "Available from",
                    "choices": {
                        "2010-01-01T00:00:00+0000": {
                            "active": false,
                            "default": false,
                            "urlParameters": {
                                "channel": "WEB_GB",
                                "enabled": true,
                                "locale": "en_GB",
                                "attributes": {
                                    "Available from": [
                                        "2010-01-01T00:00:00+0000"
                                    ]
                                }
                            },
                            "label": "2010-01-01T00:00:00+0000",
                            "count": 1
                        }
                    }
                },
                {
                    "tags": [],
                    "urlParameters": [],
                    "resetUrlParameters": {
                        "channel": "WEB_GB",
                        "enabled": true,
                        "locale": "en_GB"
                    },
                    "name": "Mug collection",
                    "choices": {
                        "HOLIDAY COLLECTION": {
                            "active": false,
                            "default": false,
                            "urlParameters": {
                                "channel": "WEB_GB",
                                "enabled": true,
                                "locale": "en_GB",
                                "attributes": {
                                    "Mug collection": [
                                        "HOLIDAY COLLECTION"
                                    ]
                                }
                            },
                            "label": "HOLIDAY COLLECTION",
                            "count": 2
                        }
                    }
                },
                {
                    "tags": [],
                    "urlParameters": [],
                    "resetUrlParameters": {
                        "channel": "WEB_GB",
                        "enabled": true,
                        "locale": "en_GB"
                    },
                    "name": "Mug material",
                    "choices": {
                        "Wood": {
                            "active": false,
                            "default": false,
                            "urlParameters": {
                                "channel": "WEB_GB",
                                "enabled": true,
                                "locale": "en_GB",
                                "attributes": {
                                    "Mug material": [
                                        "Wood"
                                    ]
                                }
                            },
                            "label": "Wood",
                            "count": 1
                        }
                    }
                },
                {
                    "tags": [],
                    "urlParameters": [],
                    "resetUrlParameters": {
                        "channel": "WEB_GB",
                        "enabled": true,
                        "locale": "en_GB"
                    },
                    "name": "Production year",
                    "choices": {
                        "2010": {
                            "active": false,
                            "default": false,
                            "urlParameters": {
                                "channel": "WEB_GB",
                                "enabled": true,
                                "locale": "en_GB",
                                "attributes": {
                                    "Production year": [
                                        "2010"
                                    ]
                                }
                            },
                            "label": "2010",
                            "count": 1
                        },
                        "2015": {
                            "active": false,
                            "default": false,
                            "urlParameters": {
                                "channel": "WEB_GB",
                                "enabled": true,
                                "locale": "en_GB",
                                "attributes": {
                                    "Production year": [
                                        "2015"
                                    ]
                                }
                            },
                            "label": "2015",
                            "count": 1
                        },
                        "2020": {
                            "active": false,
                            "default": false,
                            "urlParameters": {
                                "channel": "WEB_GB",
                                "enabled": true,
                                "locale": "en_GB",
                                "attributes": {
                                    "Production year": [
                                        "2020"
                                    ]
                                }
                            },
                            "label": "2020",
                            "count": 1
                        }
                    }
                }
            ]
        },
        "attributesByCode": {
            "state": {
                "active": false,
                "urlParameters": [],
                "name": "attributesByCode",
                "options": []
            },
            "tags": [],
            "urlParameters": {
                "channel": "WEB_GB",
                "enabled": true,
                "locale": "en_GB"
            },
            "resetUrlParameters": {
                "channel": "WEB_GB",
                "enabled": true,
                "locale": "en_GB"
            },
            "name": "attributesByCode"
        },
        "options": {
            "state": {
                "active": false,
                "urlParameters": [],
                "name": "options",
                "options": []
            },
            "tags": [],
            "urlParameters": {
                "channel": "WEB_GB",
                "enabled": true,
                "locale": "en_GB"
            },
            "resetUrlParameters": {
                "channel": "WEB_GB",
                "enabled": true,
                "locale": "en_GB"
            },
            "name": "options",
            "items": [
                {
                    "tags": [],
                    "urlParameters": [],
                    "resetUrlParameters": {
                        "channel": "WEB_GB",
                        "enabled": true,
                        "locale": "en_GB"
                    },
                    "name": "Hat size",
                    "choices": {
                        "Small hat": {
                            "active": false,
                            "default": false,
                            "urlParameters": {
                                "channel": "WEB_GB",
                                "enabled": true,
                                "locale": "en_GB",
                                "options": {
                                    "Hat size": [
                                        "Small hat"
                                    ]
                                }
                            },
                            "label": "Small hat",
                            "count": 1
                        }
                    }
                },
                {
                    "tags": [],
                    "urlParameters": [],
                    "resetUrlParameters": {
                        "channel": "WEB_GB",
                        "enabled": true,
                        "locale": "en_GB"
                    },
                    "name": "Mug size",
                    "choices": {
                        "Big mug": {
                            "active": false,
                            "default": false,
                            "urlParameters": {
                                "channel": "WEB_GB",
                                "enabled": true,
                                "locale": "en_GB",
                                "options": {
                                    "Mug size": [
                                        "Big mug"
                                    ]
                                }
                            },
                            "label": "Big mug",
                            "count": 1
                        },
                        "Small mug": {
                            "active": false,
                            "default": false,
                            "urlParameters": {
                                "channel": "WEB_GB",
                                "enabled": true,
                                "locale": "en_GB",
                                "options": {
                                    "Mug size": [
                                        "Small mug"
                                    ]
                                }
                            },
                            "label": "Small mug",
                            "count": 1
                        }
                    }
                },
                {
                    "tags": [],
                    "urlParameters": [],
                    "resetUrlParameters": {
                        "channel": "WEB_GB",
                        "enabled": true,
                        "locale": "en_GB"
                    },
                    "name": "T-Shirt size",
                    "choices": {
                        "L": {
                            "active": false,
                            "default": false,
                            "urlParameters": {
                                "channel": "WEB_GB",
                                "enabled": true,
                                "locale": "en_GB",
                                "options": {
                                    "T-Shirt size": [
                                        "L"
                                    ]
                                }
                            },
                            "label": "L",
                            "count": 1
                        },
                        "M": {
                            "active": false,
                            "default": false,
                            "urlParameters": {
                                "channel": "WEB_GB",
                                "enabled": true,
                                "locale": "en_GB",
                                "options": {
                                    "T-Shirt size": [
                                        "M"
                                    ]
                                }
                            },
                            "label": "M",
                            "count": 1
                        },
                        "S": {
                            "active": false,
                            "default": false,
                            "urlParameters": {
                                "channel": "WEB_GB",
                                "enabled": true,
                                "locale": "en_GB",
                                "options": {
                                    "T-Shirt size": [
                                        "S"
                                    ]
                                }
                            },
                            "label": "S",
                            "count": 1
                        },
                        "XL": {
                            "active": false,
                            "default": false,
                            "urlParameters": {
                                "channel": "WEB_GB",
                                "enabled": true,
                                "locale": "en_GB",
                                "options": {
                                    "T-Shirt size": [
                                        "XL"
                                    ]
                                }
                            },
                            "label": "XL",
                            "count": 1
                        }
                    }
                }
            ]
        },
        "sort": {
            "state": {
                "active": false,
                "urlParameters": [],
                "name": "sort",
                "options": []
            },
            "tags": [],
            "urlParameters": {
                "channel": "WEB_GB",
                "enabled": true,
                "locale": "en_GB"
            },
            "resetUrlParameters": {
                "channel": "WEB_GB",
                "enabled": true,
                "locale": "en_GB"
            },
            "name": "sort"
        }
    }
}
