{
    "page": 1,
    "limit": 9,
    "total": 1,
    "pages": 1,
    "items": [
        {
            "id": 2,
            "code": "LOGAN_HAT_CODE",
            "name": "Logan Hat",
            "slug": "@string@",
            "taxons": "@array@",
            "variants": "@array@",
            "attributes": "@array@",
            "images": "@array@",
            "price": "@array@",
            "channelCode": "WEB_GB",
            "localeCode": "en_GB"
        }
    ],
    "filters": {
        "channel": "@array@",
        "enabled": "@array@",
        "taxonCode": "@array@",
        "taxonSlug": "@array@",
        "priceRange": "@array@",
        "locale": "@array@",
        "inStock": "@array@",
        "paginator": "@array@",
        "search": {
            "state": {
                "active": true,
                "value": "hat",
                "urlParameters": {
                    "search": "hat"
                },
                "name": "search",
                "options": []
            },
            "tags": [],
            "urlParameters": {
                "channel": "WEB_GB",
                "enabled": true,
                "locale": "en_GB",
                "search": "hat"
            },
            "resetUrlParameters": {
                "channel": "WEB_GB",
                "enabled": true,
                "locale": "en_GB"
            },
            "name": "search"
        },
        "attributes": "@array@",
        "attributesByCode": "@array@",
        "options": "@array@",
        "sort": "@array@"
    }
}
