{
    "page": 1,
    "limit": 9,
    "total": 2,
    "pages": 1,
    "items": [
        {
            "id": 1,
            "code": "LOGAN_MUG_CODE",
            "name": "Logan Mug",
            "slug": "@string@",
            "taxons": "@array@",
            "variants": [
                {
                    "id": 2,
                    "code": "LOGAN_MUG_SMALL_CODE",
                    "name": "Gnome Mug",
                    "price": {
                        "current": 1000,
                        "currency": "GBP",
                        "original": 0
                    },
                    "stock": 0,
                    "isTracked": true,
                    "images": []
                },
                {
                    "id": 1,
                    "code": "LOGAN_MUG_BIG_CODE",
                    "name": "Logan Mug",
                    "price": {
                        "current": 1000,
                        "currency": "GBP",
                        "original": 0
                    },
                    "stock": 0,
                    "isTracked": false,
                    "images": []
                }
            ],
            "attributes": "@array@",
            "images": "@array@",
            "price": {
                "current": 1000,
                "currency": "GBP",
                "original": 0
            },
            "channelCode": "WEB_GB",
            "localeCode": "en_GB"
        },
        {
            "id": 2,
            "code": "LOGAN_HAT_CODE",
            "name": "Logan Hat",
            "slug": "@string@",
            "taxons": "@array@",
            "variants": [
                {
                    "id": 3,
                    "code": "LOGAN_HAT_CODE",
                    "name": "Logan Hat",
                    "price": {
                        "current": 1500,
                        "currency": "GBP",
                        "original": 0
                    },
                    "stock": 2,
                    "isTracked": true,
                    "images": []
                }
            ],
            "attributes": "@array@",
            "images": "@array@",
            "price": {
                "current": 1500,
                "currency": "GBP",
                "original": 0
            },
            "channelCode": "WEB_GB",
            "localeCode": "en_GB"
        }
    ],
    "filters": {
        "channel": "@array@",
        "enabled": "@array@",
        "taxonCode": "@array@",
        "taxonSlug": "@array@",
        "priceRange": {
            "state": {
                "active": true,
                "value": {
                    "gte": "1000",
                    "lte": "1500"
                },
                "urlParameters": {
                    "price": "1000;1500"
                },
                "name": "priceRange",
                "options": []
            },
            "tags": [],
            "urlParameters": {
                "channel": "WEB_GB",
                "enabled": true,
                "price": "1000;1500",
                "locale": "en_GB"
            },
            "resetUrlParameters": {
                "channel": "WEB_GB",
                "enabled": true,
                "locale": "en_GB"
            },
            "name": "priceRange",
            "minBounds": 1000,
            "maxBounds": 2000
        },
        "locale": "@array@",
        "inStock": "@array@",
        "paginator": "@array@",
        "search": "@array@",
        "attributes": "@array@",
        "attributesByCode": "@array@",
        "options": "@array@",
        "sort": "@array@"
    }
}
