{
    "page": 1,
    "limit": 10,
    "total": 1,
    "pages": 1,
    "items": [
        {
            "code": "LOGAN_MUG_CODE",
            "name": "Logan Mug",
            "slug": "@string@",
            "taxons": "@array@",
            "variants": "@array@",
            "attributes": "@array@",
            "images": "@array@",
            "channelCode": "WEB_GB",
            "localeCode": "en_GB"
        }
    ],
    "filters": {
        "channel": "@array@",
        "enabled": "@array@",
        "taxonCode": "@array@",
        "taxonSlug": {
            "state": {
                "active": true,
                "value": "categories/mugs",
                "urlParameters": {
                    "taxonSlug": "categories/mugs"
                },
                "name": "taxonSlug",
                "options": []
            },
            "tags": [],
            "urlParameters": {
                "channel": "WEB_GB",
                "enabled": true,
                "taxonSlug": "categories/mugs",
                "locale": "en_GB"
            },
            "resetUrlParameters": {
                "channel": "WEB_GB",
                "enabled": true,
                "locale": "en_GB"
            },
            "name": "taxonSlug",
            "choices": [
                {
                    "active": false,
                    "default": false,
                    "urlParameters": {
                        "channel": "WEB_GB",
                        "enabled": true,
                        "locale": "en_GB",
                        "taxonSlug": "categories/hats"
                    },
                    "label": "categories/hats",
                    "count": 1
                },
                {
                    "active": true,
                    "default": false,
                    "urlParameters": {
                        "channel": "WEB_GB",
                        "enabled": true,
                        "locale": "en_GB"
                    },
                    "label": "categories/mugs",
                    "count": 1
                },
                {
                    "active": false,
                    "default": false,
                    "urlParameters": {
                        "channel": "WEB_GB",
                        "enabled": true,
                        "locale": "en_GB",
                        "taxonSlug": "categories/t-shirts"
                    },
                    "label": "categories/t-shirts",
                    "count": 1
                },
                {
                    "active": false,
                    "default": false,
                    "urlParameters": {
                        "channel": "WEB_GB",
                        "enabled": true,
                        "locale": "en_GB",
                        "taxonSlug": "brands"
                    },
                    "label": "brands",
                    "count": 3
                },
                {
                    "active": false,
                    "default": false,
                    "urlParameters": {
                        "channel": "WEB_GB",
                        "enabled": true,
                        "locale": "en_GB",
                        "taxonSlug": "categories"
                    },
                    "label": "categories",
                    "count": 3
                }
            ]
        },
        "priceRange": "@array@",
        "locale": "@array@",
        "paginator": "@array@",
        "search": "@array@",
        "attributes": "@array@",
        "attributesByCode": "@array@",
        "sort": "@array@"
    }
}
