{
    "page": 1,
    "limit": 10,
    "total": 1,
    "pages": 1,
    "items": [
        {
            "code": "LOGAN_MUG_CODE",
            "name": "Logan Becher",
            "slug": "logan-becher",
            "taxons": {
                "main": "MUG",
                "others": [
                    "MUG",
                    "CATEGORY",
                    "BRAND"
                ]
            },
            "variants": [
                {
                    "code": "LOGAN_MUG_CODE",
                    "name": "Logan Becher",
                    "price": {
                        "current": 1000,
                        "currency": "GBP"
                    },
                    "images": []
                }
            ],
            "attributes": [
                {
                    "code": "MUG_COLLECTION_CODE",
                    "name": "Becher Sammlung",
                    "value": "FEIERTAGSKOLLEKTION"
                },
                {
                    "code": "MUG_MATERIAL_CODE",
                    "name": "Becher Material",
                    "value": "Holz"
                }
            ],
            "images": [],
            "channelCode": "WEB_GB",
            "localeCode": "de_DE"
        }
    ],
    "filters": {
        "channel": "@array@",
        "enabled": "@array@",
        "taxon": "@array@",
        "priceRange": "@array@",
        "locale": "@array@",
        "paginator": "@array@",
        "search": "@array@",
        "attributes": {
            "state": {
                "active": true,
                "value": {
                    "Becher Material": [
                        "Holz"
                    ]
                },
                "urlParameters": {
                    "attributes": {
                        "Becher Material": [
                            "Holz"
                        ]
                    }
                },
                "name": "attributes",
                "options": []
            },
            "tags": [],
            "urlParameters": {
                "channel": "WEB_GB",
                "enabled": true,
                "locale": "de_DE",
                "attributes": {
                    "Becher Material": [
                        "Holz"
                    ]
                }
            },
            "resetUrlParameters": {
                "channel": "WEB_GB",
                "enabled": true,
                "locale": "de_DE"
            },
            "name": "attributes",
            "items": [
                {
                    "tags": [],
                    "urlParameters": [],
                    "resetUrlParameters": {
                        "channel": "WEB_GB",
                        "enabled": true,
                        "locale": "de_DE"
                    },
                    "name": "Becher Material",
                    "choices": {
                        "Holz": {
                            "active": true,
                            "default": false,
                            "urlParameters": {
                                "channel": "WEB_GB",
                                "enabled": true,
                                "locale": "de_DE",
                                "attributes": {
                                    "Becher Material": []
                                }
                            },
                            "label": "Holz",
                            "count": 1
                        }
                    }
                },
                {
                    "tags": [],
                    "urlParameters": [],
                    "resetUrlParameters": {
                        "channel": "WEB_GB",
                        "enabled": true,
                        "locale": "de_DE"
                    },
                    "name": "Becher Sammlung",
                    "choices": {
                        "FEIERTAGSKOLLEKTION": {
                            "active": false,
                            "default": false,
                            "urlParameters": {
                                "channel": "WEB_GB",
                                "enabled": true,
                                "locale": "de_DE",
                                "attributes": {
                                    "Becher Material": [
                                        "Holz"
                                    ],
                                    "Becher Sammlung": [
                                        "FEIERTAGSKOLLEKTION"
                                    ]
                                }
                            },
                            "label": "FEIERTAGSKOLLEKTION",
                            "count": 1
                        }
                    }
                }
            ]
        },
        "sort": "@array@"
    }
}
