{
    "items": [
        {
            "code": "LOGAN_MUG_CODE",
            "name": "Logan Mug",
            "slug": "logan-mug",
            "taxons": [
                {
                    "code": "MUG",
                    "slug": "mugs",
                    "position": 0,
                    "images": [],
                    "description": "@string@"
                }
            ],
            "variants": [
                {
                    "code": "LOGAN_MUG_CODE",
                    "name": "Logan Mug",
                    "price": {
                        "current": 1999,
                        "currency": "GBP"
                    },
                    "images": []
                }
            ],
            "attributes": [
                {
                    "code": "MUG_COLLECTION_CODE",
                    "name": "Mug collection",
                    "value": "HOLIDAY COLLECTION"
                },
                {
                    "code": "MUG_MATERIAL_CODE",
                    "name": "Mug material",
                    "value": "Wood"
                }
            ],
            "images": [],
            "channelCode": "WEB_GB",
            "localeCode": "en_GB",
            "mainTaxon": {
                "code": "MUG",
                "slug": "mugs",
                "images": [],
                "description": "@string@"
            }
        },
        {
            "code": "LOGAN_MUG_CODE",
            "name": "Logan Becher",
            "slug": "logan-becher",
            "taxons": [
                {
                    "code": "MUG",
                    "slug": "mugs",
                    "position": 0,
                    "images": [],
                    "description": "@string@"
                }
            ],
            "variants": [
                {
                    "code": "LOGAN_MUG_CODE",
                    "name": "Logan Becher",
                    "price": {
                        "current": 1999,
                        "currency": "GBP"
                    },
                    "images": []
                }
            ],
            "attributes": [
                {
                    "code": "MUG_COLLECTION_CODE",
                    "name": "Mug collection",
                    "value": "FEIERTAGSKOLLEKTION"
                },
                {
                    "code": "MUG_MATERIAL_CODE",
                    "name": "Mug material",
                    "value": "Holz"
                }
            ],
            "images": [],
            "channelCode": "WEB_GB",
            "localeCode": "de_DE",
            "mainTaxon": {
                "code": "MUG",
                "slug": "mugs",
                "images": [],
                "description": "@string@"
            }
        }
    ],
    "filters": {
        "channel": {
            "state": {
                "active": false,
                "urlParameters": [],
                "name": "channel",
                "options": []
            },
            "tags": [],
            "urlParameters": {
                "taxon_slug": "mugs"
            },
            "resetUrlParameters": {
                "taxon_slug": "mugs"
            },
            "name": "channel",
            "choices": [
                {
                    "active": false,
                    "default": false,
                    "urlParameters": {
                        "taxon_slug": "mugs",
                        "channel": "WEB_GB"
                    },
                    "label": "WEB_GB",
                    "count": 2
                }
            ]
        },
        "taxon_slug": {
            "state": {
                "active": true,
                "value": "mugs",
                "urlParameters": {
                    "taxon_slug": "mugs"
                },
                "name": "taxon_slug",
                "options": []
            },
            "tags": [],
            "urlParameters": {
                "taxon_slug": "mugs"
            },
            "resetUrlParameters": [],
            "name": "taxon_slug",
            "choices": [
                {
                    "active": true,
                    "default": false,
                    "urlParameters": [],
                    "label": "mugs",
                    "count": 2
                },
                {
                    "active": false,
                    "default": false,
                    "urlParameters": {
                        "taxon_slug": "t-shirts"
                    },
                    "label": "t-shirts",
                    "count": 2
                }
            ]
        },
        "price_range": {
            "state": {
                "active": false,
                "urlParameters": [],
                "name": "price_range",
                "options": []
            },
            "tags": [],
            "urlParameters": {
                "taxon_slug": "mugs"
            },
            "resetUrlParameters": {
                "taxon_slug": "mugs"
            },
            "name": "price_range",
            "minBounds": 1999,
            "maxBounds": 1999
        },
        "locale": {
            "state": {
                "active": false,
                "urlParameters": [],
                "name": "locale",
                "options": []
            },
            "tags": [],
            "urlParameters": {
                "taxon_slug": "mugs"
            },
            "resetUrlParameters": {
                "taxon_slug": "mugs"
            },
            "name": "locale",
            "choices": [
                {
                    "active": false,
                    "default": false,
                    "urlParameters": {
                        "taxon_slug": "mugs",
                        "locale_code": "de_DE"
                    },
                    "label": "de_DE",
                    "count": 1
                },
                {
                    "active": false,
                    "default": false,
                    "urlParameters": {
                        "taxon_slug": "mugs",
                        "locale_code": "en_GB"
                    },
                    "label": "en_GB",
                    "count": 1
                }
            ]
        },
        "attribute_values": {
            "state": {
                "active": false,
                "urlParameters": [],
                "name": "attribute_values",
                "options": []
            },
            "tags": [],
            "urlParameters": {
                "taxon_slug": "mugs"
            },
            "resetUrlParameters": {
                "taxon_slug": "mugs"
            },
            "name": "attribute_values",
            "choices": [
                {
                    "active": false,
                    "default": false,
                    "urlParameters": {
                        "taxon_slug": "mugs",
                        "attribute_values": [
                            "FEIERTAGSKOLLEKTION"
                        ]
                    },
                    "label": "FEIERTAGSKOLLEKTION",
                    "count": 1
                },
                {
                    "active": false,
                    "default": false,
                    "urlParameters": {
                        "taxon_slug": "mugs",
                        "attribute_values": [
                            "HOLIDAY COLLECTION"
                        ]
                    },
                    "label": "HOLIDAY COLLECTION",
                    "count": 1
                },
                {
                    "active": false,
                    "default": false,
                    "urlParameters": {
                        "taxon_slug": "mugs",
                        "attribute_values": [
                            "Holz"
                        ]
                    },
                    "label": "Holz",
                    "count": 1
                },
                {
                    "active": false,
                    "default": false,
                    "urlParameters": {
                        "taxon_slug": "mugs",
                        "attribute_values": [
                            "Wood"
                        ]
                    },
                    "label": "Wood",
                    "count": 1
                }
            ]
        },
        "paginator": {
            "state": {
                "active": false,
                "value": 1,
                "urlParameters": [],
                "name": "paginator",
                "options": []
            },
            "tags": [],
            "urlParameters": {
                "taxon_slug": "mugs"
            },
            "resetUrlParameters": {
                "taxon_slug": "mugs"
            },
            "name": "paginator",
            "currentPage": 1,
            "totalItems": 2,
            "maxPages": 10,
            "itemsPerPage": 10,
            "numPages": 1,
            "options": []
        },
        "search": {
            "state": {
                "active": false,
                "urlParameters": [],
                "name": "search",
                "options": []
            },
            "tags": [],
            "urlParameters": {
                "taxon_slug": "mugs"
            },
            "resetUrlParameters": {
                "taxon_slug": "mugs"
            },
            "name": "search"
        }
    }
}
