{
    "page": 1,
    "limit": 10,
    "total": 1,
    "pages": 1,
    "items": [
        {
            "code": "LOGAN_MUG_CODE",
            "name": "Logan Becher",
            "slug": "logan-becher",
            "taxons": {
                "main": "MUG",
                "others": [
                    "MUG",
                    "CATEGORY",
                    "BRAND"
                ]
            },
            "variants": [
                {
                    "code": "LOGAN_MUG_CODE",
                    "name": "Logan Becher",
                    "price": {
                        "current": 1999,
                        "currency": "GBP"
                    },
                    "images": []
                }
            ],
            "attributes": [
                {
                    "code": "MUG_COLLECTION_CODE",
                    "name": "Becher Sammlung",
                    "value": "FEIERTAGSKOLLEKTION"
                },
                {
                    "code": "MUG_MATERIAL_CODE",
                    "name": "Becher Material",
                    "value": "Holz"
                }
            ],
            "images": [],
            "channelCode": "WEB_GB",
            "localeCode": "de_DE"
        }
    ],
    "filters": {
        "channel": {
            "state": {
                "active": false,
                "urlParameters": [],
                "name": "channel",
                "options": []
            },
            "tags": [],
            "urlParameters": {
                "enabled": true,
                "locale": "de_DE",
                "attributes": {
                    "Becher Material": [
                        "Holz"
                    ]
                }
            },
            "resetUrlParameters": {
                "enabled": true,
                "locale": "de_DE",
                "attributes": {
                    "Becher Material": [
                        "Holz"
                    ]
                }
            },
            "name": "channel",
            "choices": [
                {
                    "active": false,
                    "default": false,
                    "urlParameters": {
                        "enabled": true,
                        "locale": "de_DE",
                        "attributes": {
                            "Becher Material": [
                                "Holz"
                            ]
                        },
                        "channel": "WEB_GB"
                    },
                    "label": "WEB_GB",
                    "count": 1
                }
            ]
        },
        "enabled": {
            "state": {
                "active": true,
                "value": true,
                "urlParameters": {
                    "enabled": true
                },
                "name": "enabled",
                "options": []
            },
            "tags": [],
            "urlParameters": {
                "enabled": true,
                "locale": "de_DE",
                "attributes": {
                    "Becher Material": [
                        "Holz"
                    ]
                }
            },
            "resetUrlParameters": {
                "locale": "de_DE",
                "attributes": {
                    "Becher Material": [
                        "Holz"
                    ]
                }
            },
            "name": "enabled",
            "choices": [
                {
                    "active": true,
                    "default": false,
                    "urlParameters": {
                        "locale": "de_DE",
                        "attributes": {
                            "Becher Material": [
                                "Holz"
                            ]
                        }
                    },
                    "label": 1,
                    "count": 1
                }
            ]
        },
        "taxonCode": {
            "state": {
                "active": false,
                "urlParameters": [],
                "name": "taxonCode",
                "options": []
            },
            "tags": [],
            "urlParameters": {
                "enabled": true,
                "locale": "de_DE",
                "attributes": {
                    "Becher Material": [
                        "Holz"
                    ]
                }
            },
            "resetUrlParameters": {
                "enabled": true,
                "locale": "de_DE",
                "attributes": {
                    "Becher Material": [
                        "Holz"
                    ]
                }
            },
            "name": "taxonCode",
            "choices": [
                {
                    "active": false,
                    "default": false,
                    "urlParameters": {
                        "enabled": true,
                        "locale": "de_DE",
                        "attributes": {
                            "Becher Material": [
                                "Holz"
                            ]
                        },
                        "taxonCode": "BRAND"
                    },
                    "label": "BRAND",
                    "count": 1
                },
                {
                    "active": false,
                    "default": false,
                    "urlParameters": {
                        "enabled": true,
                        "locale": "de_DE",
                        "attributes": {
                            "Becher Material": [
                                "Holz"
                            ]
                        },
                        "taxonCode": "CATEGORY"
                    },
                    "label": "CATEGORY",
                    "count": 1
                },
                {
                    "active": false,
                    "default": false,
                    "urlParameters": {
                        "enabled": true,
                        "locale": "de_DE",
                        "attributes": {
                            "Becher Material": [
                                "Holz"
                            ]
                        },
                        "taxonCode": "MUG"
                    },
                    "label": "MUG",
                    "count": 1
                }
            ]
        },
        "priceRange": {
            "state": {
                "active": false,
                "urlParameters": [],
                "name": "priceRange",
                "options": []
            },
            "tags": [],
            "urlParameters": {
                "enabled": true,
                "locale": "de_DE",
                "attributes": {
                    "Becher Material": [
                        "Holz"
                    ]
                }
            },
            "resetUrlParameters": {
                "enabled": true,
                "locale": "de_DE",
                "attributes": {
                    "Becher Material": [
                        "Holz"
                    ]
                }
            },
            "name": "priceRange",
            "minBounds": 1999,
            "maxBounds": 2999
        },
        "locale": {
            "state": {
                "active": true,
                "value": "de_DE",
                "urlParameters": {
                    "locale": "de_DE"
                },
                "name": "locale",
                "options": []
            },
            "tags": [],
            "urlParameters": {
                "enabled": true,
                "locale": "de_DE",
                "attributes": {
                    "Becher Material": [
                        "Holz"
                    ]
                }
            },
            "resetUrlParameters": {
                "enabled": true,
                "attributes": {
                    "Becher Material": [
                        "Holz"
                    ]
                }
            },
            "name": "locale",
            "choices": [
                {
                    "active": true,
                    "default": false,
                    "urlParameters": {
                        "enabled": true,
                        "attributes": {
                            "Becher Material": [
                                "Holz"
                            ]
                        }
                    },
                    "label": "de_DE",
                    "count": 1
                }
            ]
        },
        "paginator": {
            "state": {
                "active": false,
                "value": 1,
                "urlParameters": [],
                "name": "paginator",
                "options": {
                    "limit": 10
                }
            },
            "tags": [],
            "urlParameters": {
                "enabled": true,
                "locale": "de_DE",
                "attributes": {
                    "Becher Material": [
                        "Holz"
                    ]
                }
            },
            "resetUrlParameters": {
                "enabled": true,
                "locale": "de_DE",
                "attributes": {
                    "Becher Material": [
                        "Holz"
                    ]
                }
            },
            "name": "paginator",
            "currentPage": 1,
            "totalItems": 1,
            "maxPages": 20,
            "itemsPerPage": 10,
            "numPages": 1,
            "options": [],
            "limit": 10
        },
        "search": {
            "state": {
                "active": false,
                "urlParameters": [],
                "name": "search",
                "options": []
            },
            "tags": [],
            "urlParameters": {
                "enabled": true,
                "locale": "de_DE",
                "attributes": {
                    "Becher Material": [
                        "Holz"
                    ]
                }
            },
            "resetUrlParameters": {
                "enabled": true,
                "locale": "de_DE",
                "attributes": {
                    "Becher Material": [
                        "Holz"
                    ]
                }
            },
            "name": "search"
        },
        "attributes": {
            "state": {
                "active": true,
                "value": {
                    "Becher Material": [
                        "Holz"
                    ]
                },
                "urlParameters": {
                    "attributes": {
                        "Becher Material": [
                            "Holz"
                        ]
                    }
                },
                "name": "attributes",
                "options": []
            },
            "tags": [],
            "urlParameters": {
                "enabled": true,
                "locale": "de_DE",
                "attributes": {
                    "Becher Material": [
                        "Holz"
                    ]
                }
            },
            "resetUrlParameters": {
                "enabled": true,
                "locale": "de_DE"
            },
            "name": "attributes",
            "items": [
                {
                    "tags": [],
                    "urlParameters": [],
                    "resetUrlParameters": {
                        "enabled": true,
                        "locale": "de_DE"
                    },
                    "name": "Becher Material",
                    "choices": {
                        "Holz": {
                            "active": true,
                            "default": false,
                            "urlParameters": {
                                "enabled": true,
                                "locale": "de_DE",
                                "attributes": {
                                    "Becher Material": []
                                }
                            },
                            "label": "Holz",
                            "count": 1
                        }
                    }
                },
                {
                    "tags": [],
                    "urlParameters": [],
                    "resetUrlParameters": {
                        "enabled": true,
                        "locale": "de_DE"
                    },
                    "name": "Becher Sammlung",
                    "choices": {
                        "FEIERTAGSKOLLEKTION": {
                            "active": false,
                            "default": false,
                            "urlParameters": {
                                "enabled": true,
                                "locale": "de_DE",
                                "attributes": {
                                    "Becher Material": [
                                        "Holz"
                                    ],
                                    "Becher Sammlung": [
                                        "FEIERTAGSKOLLEKTION"
                                    ]
                                }
                            },
                            "label": "FEIERTAGSKOLLEKTION",
                            "count": 1
                        }
                    }
                }
            ]
        }
    }
}
