{
    "items":[
        {
            "code":"LOGAN_MUG_CODE",
            "name":"Logan Mug",
            "slug":"logan-mug",
            "taxons":{
                "main":"MUG",
                "others":[
                    "MUG",
                    "CATEGORY",
                    "BRAND"
                ]
            },
            "variants":[
                {
                    "code":"LOGAN_MUG_CODE",
                    "name":"Logan Mug",
                    "price":{
                        "current":1999,
                        "currency":"GBP"
                    },
                    "images":[

                    ]
                }
            ],
            "attributes":[
                {
                    "code":"MUG_COLLECTION_CODE",
                    "name":"Mug collection",
                    "value":"HOLIDAY COLLECTION"
                },
                {
                    "code":"MUG_MATERIAL_CODE",
                    "name":"Mug material",
                    "value":"Wood"
                }
            ],
            "images":[

            ],
            "channelCode":"WEB_GB",
            "localeCode":"en_GB"
        },
        {
            "code":"LOGAN_MUG_CODE",
            "name":"Logan Becher",
            "slug":"logan-becher",
            "taxons":{
                "main":"MUG",
                "others":[
                    "MUG",
                    "CATEGORY",
                    "BRAND"
                ]
            },
            "variants":[
                {
                    "code":"LOGAN_MUG_CODE",
                    "name":"Logan Becher",
                    "price":{
                        "current":1999,
                        "currency":"GBP"
                    },
                    "images":[

                    ]
                }
            ],
            "attributes":[
                {
                    "code":"MUG_COLLECTION_CODE",
                    "name":"Mug collection",
                    "value":"FEIERTAGSKOLLEKTION"
                },
                {
                    "code":"MUG_MATERIAL_CODE",
                    "name":"Mug material",
                    "value":"Holz"
                }
            ],
            "images":[

            ],
            "channelCode":"WEB_GB",
            "localeCode":"de_DE"
        },
        {
            "code":"LOGAN_HAT_CODE",
            "name":"Logan Hat",
            "slug":"logan-hat",
            "taxons":{
                "others":[
                    "HAT",
                    "CATEGORY",
                    "BRAND"
                ]
            },
            "variants":[
                {
                    "code":"LOGAN_HAT_CODE",
                    "name":"Logan Hat",
                    "price":{
                        "current":2999,
                        "currency":"GBP"
                    },
                    "images":[

                    ]
                }
            ],
            "attributes":[
                {
                    "code":"MUG_COLLECTION_CODE",
                    "name":"Mug collection",
                    "value":"HOLIDAY COLLECTION"
                }
            ],
            "images":[

            ],
            "channelCode":"WEB_GB",
            "localeCode":"en_GB"
        },
        {
            "code":"LOGAN_HAT_CODE",
            "name":"Logan Hut",
            "slug":"logan-hut",
            "taxons":{
                "others":[
                    "HAT",
                    "CATEGORY",
                    "BRAND"
                ]
            },
            "variants":[
                {
                    "code":"LOGAN_HAT_CODE",
                    "name":"Logan Hut",
                    "price":{
                        "current":2999,
                        "currency":"GBP"
                    },
                    "images":[

                    ]
                }
            ],
            "attributes":[
                {
                    "code":"MUG_COLLECTION_CODE",
                    "name":"Mug collection",
                    "value":"FEIERTAGSKOLLEKTION"
                }
            ],
            "images":[

            ],
            "channelCode":"WEB_GB",
            "localeCode":"de_DE"
        },
        {
            "code":"LOGAN_T_SHIRT_CODE",
            "name":"Logan T-Shirt",
            "slug":"logan-t-shirt",
            "taxons":{
                "main":"T_SHIRTS",
                "others":[
                    "T_SHIRTS",
                    "CATEGORY",
                    "BRAND"
                ]
            },
            "variants":[
                {
                    "code":"LOGAN_T_SHIRT_CODE",
                    "name":"Logan T-Shirt",
                    "price":{
                        "current":1999,
                        "currency":"GBP"
                    },
                    "images":[

                    ]
                }
            ],
            "attributes":[

            ],
            "images":[

            ],
            "channelCode":"WEB_GB",
            "localeCode":"en_GB"
        },
        {
            "code":"LOGAN_T_SHIRT_CODE",
            "taxons":{
                "main":"T_SHIRTS",
                "others":[
                    "T_SHIRTS",
                    "CATEGORY",
                    "BRAND"
                ]
            },
            "variants":[
                {
                    "code":"LOGAN_T_SHIRT_CODE",
                    "price":{
                        "current":1999,
                        "currency":"GBP"
                    },
                    "images":[

                    ]
                }
            ],
            "attributes":[

            ],
            "images":[

            ],
            "channelCode":"WEB_GB",
            "localeCode":"de_DE"
        }
    ],
    "filters":{
        "channel":{
            "state":{
                "active":false,
                "urlParameters":[

                ],
                "name":"channel",
                "options":[

                ]
            },
            "tags":[

            ],
            "urlParameters":[

            ],
            "resetUrlParameters":[

            ],
            "name":"channel",
            "choices":[
                {
                    "active":false,
                    "default":false,
                    "urlParameters":{
                        "channel":"WEB_GB"
                    },
                    "label":"WEB_GB",
                    "count":6
                }
            ]
        },
        "taxon_code":{
            "state":{
                "active":false,
                "urlParameters":[

                ],
                "name":"taxon_code",
                "options":[

                ]
            },
            "tags":[

            ],
            "urlParameters":[

            ],
            "resetUrlParameters":[

            ],
            "name":"taxon_code",
            "choices":[
                {
                    "active":false,
                    "default":false,
                    "urlParameters":{
                        "taxon_code":"HAT"
                    },
                    "label":"HAT",
                    "count":2
                },
                {
                    "active":false,
                    "default":false,
                    "urlParameters":{
                        "taxon_code":"MUG"
                    },
                    "label":"MUG",
                    "count":2
                },
                {
                    "active":false,
                    "default":false,
                    "urlParameters":{
                        "taxon_code":"T_SHIRTS"
                    },
                    "label":"T_SHIRTS",
                    "count":2
                },
                {
                    "active":false,
                    "default":false,
                    "urlParameters":{
                        "taxon_code":"BRAND"
                    },
                    "label":"BRAND",
                    "count":6
                },
                {
                    "active":false,
                    "default":false,
                    "urlParameters":{
                        "taxon_code":"CATEGORY"
                    },
                    "label":"CATEGORY",
                    "count":6
                }
            ]
        },
        "price_range":{
            "state":{
                "active":false,
                "urlParameters":[

                ],
                "name":"price_range",
                "options":[

                ]
            },
            "tags":[

            ],
            "urlParameters":[

            ],
            "resetUrlParameters":[

            ],
            "name":"price_range",
            "minBounds":1999,
            "maxBounds":2999
        },
        "locale":{
            "state":{
                "active":false,
                "urlParameters":[

                ],
                "name":"locale",
                "options":[

                ]
            },
            "tags":[

            ],
            "urlParameters":[

            ],
            "resetUrlParameters":[

            ],
            "name":"locale",
            "choices":[
                {
                    "active":false,
                    "default":false,
                    "urlParameters":{
                        "locale_code":"de_DE"
                    },
                    "label":"de_DE",
                    "count":3
                },
                {
                    "active":false,
                    "default":false,
                    "urlParameters":{
                        "locale_code":"en_GB"
                    },
                    "label":"en_GB",
                    "count":3
                }
            ]
        },
        "attribute_values":{
            "state":{
                "active":false,
                "urlParameters":[

                ],
                "name":"attribute_values",
                "options":[

                ]
            },
            "tags":[

            ],
            "urlParameters":[

            ],
            "resetUrlParameters":[

            ],
            "name":"attribute_values",
            "choices":[
                {
                    "active":false,
                    "default":false,
                    "urlParameters":{
                        "attribute_values":[
                            "Holz"
                        ]
                    },
                    "label":"Holz",
                    "count":1
                },
                {
                    "active":false,
                    "default":false,
                    "urlParameters":{
                        "attribute_values":[
                            "Wood"
                        ]
                    },
                    "label":"Wood",
                    "count":1
                },
                {
                    "active":false,
                    "default":false,
                    "urlParameters":{
                        "attribute_values":[
                            "FEIERTAGSKOLLEKTION"
                        ]
                    },
                    "label":"FEIERTAGSKOLLEKTION",
                    "count":2
                },
                {
                    "active":false,
                    "default":false,
                    "urlParameters":{
                        "attribute_values":[
                            "HOLIDAY COLLECTION"
                        ]
                    },
                    "label":"HOLIDAY COLLECTION",
                    "count":2
                }
            ]
        },
        "paginator":{
            "state":{
                "active":false,
                "value":1,
                "urlParameters":[

                ],
                "name":"paginator",
                "options":[

                ]
            },
            "tags":[

            ],
            "urlParameters":[

            ],
            "resetUrlParameters":[

            ],
            "name":"paginator",
            "currentPage":1,
            "totalItems":6,
            "maxPages":10,
            "itemsPerPage":10,
            "numPages":1,
            "options":[

            ]
        },
        "search":{
            "state":{
                "active":false,
                "urlParameters":[

                ],
                "name":"search",
                "options":[

                ]
            },
            "tags":[

            ],
            "urlParameters":[

            ],
            "resetUrlParameters":[

            ],
            "name":"search"
        }
    }
}
